=========================================
🚀 Flare Local TEE Proxy is running!
Listening on http://localhost:6674
=========================================
Ready to sign private computations...
🔒 [TEE] Received private computation request:
{
  userAddress: '0xce87347E5BD547D7541384d32939cC603651cA69',
  accountAgeDays: 1095,
  totalTransactions: 847,
  monthlyVolumeUsd: 12500
}
✅ [TEE] Computed Credit Score: 850
✍️  [TEE] Signed result: 0x5bf1c7f8198dcc44641e6b8a97e3da4d181eba923e18af793bf5f8437514aaf62a1faf68344864682d5ada636b0fc2da5005d038fdb4b7d7b88ec4b8223f377f1c
🔒 [TEE] Received private computation request:
{
  userAddress: '0xB44eE7e9A5E1f29A06C6f8b5B344B2CBd083D43b',
  accountAgeDays: 90,
  totalTransactions: 23,
  monthlyVolumeUsd: 500
}
✅ [TEE] Computed Credit Score: 300
✍️  [TEE] Signed result: 0x9b0c63be3b11dc011be9f10431070bcf94ce63ce7db55dc127104cc12fdb23311c6cb251b773fb6fb4b33e50431c4f8fb98ba925cd15c2b4509108c5ab8225721b
